\BOOKMARK [0][-]{chapter.1}{\376\377\000I\000n\000t\000r\000o\000d\000u\000c\000t\000i\000o\000n\000\040\000t\000o\000\040\000M\000L\000O\000p\000s}{}% 1
\BOOKMARK [1][-]{section.1.1}{\376\377\000L\000e\000a\000r\000n\000i\000n\000g\000\040\000O\000b\000j\000e\000c\000t\000i\000v\000e\000s}{chapter.1}% 2
\BOOKMARK [1][-]{section.1.2}{\376\377\000I\000n\000t\000r\000o\000d\000u\000c\000t\000i\000o\000n}{chapter.1}% 3
\BOOKMARK [1][-]{section.1.3}{\376\377\000W\000h\000a\000t\000\040\000i\000s\000\040\000M\000L\000O\000p\000s\000?}{chapter.1}% 4
\BOOKMARK [1][-]{section.1.4}{\376\377\000T\000h\000e\000\040\000A\000I\000\040\000A\000d\000o\000p\000t\000i\000o\000n\000\040\000G\000a\000p}{chapter.1}% 5
\BOOKMARK [1][-]{section.1.5}{\376\377\000W\000h\000y\000\040\000M\000a\000c\000h\000i\000n\000e\000\040\000L\000e\000a\000r\000n\000i\000n\000g\000\040\000S\000y\000s\000t\000e\000m\000s\000\040\000A\000r\000e\000\040\000D\000i\000f\000f\000e\000r\000e\000n\000t}{chapter.1}% 6
\BOOKMARK [1][-]{section.1.6}{\376\377\000C\000o\000m\000m\000o\000n\000\040\000F\000a\000i\000l\000u\000r\000e\000\040\000M\000o\000d\000e\000s}{chapter.1}% 7
\BOOKMARK [2][-]{subsection.1.6.1}{\376\377\000D\000a\000t\000a\000\040\000Q\000u\000a\000l\000i\000t\000y\000\040\000I\000s\000s\000u\000e\000s}{section.1.6}% 8
\BOOKMARK [2][-]{subsection.1.6.2}{\376\377\000D\000a\000t\000a\000\040\000D\000r\000i\000f\000t}{section.1.6}% 9
\BOOKMARK [2][-]{subsection.1.6.3}{\376\377\000C\000o\000n\000c\000e\000p\000t\000\040\000D\000r\000i\000f\000t}{section.1.6}% 10
\BOOKMARK [2][-]{subsection.1.6.4}{\376\377\000R\000e\000p\000r\000o\000d\000u\000c\000i\000b\000i\000l\000i\000t\000y\000\040\000P\000r\000o\000b\000l\000e\000m\000s}{section.1.6}% 11
\BOOKMARK [2][-]{subsection.1.6.5}{\376\377\000D\000e\000p\000l\000o\000y\000m\000e\000n\000t\000\040\000C\000h\000a\000l\000l\000e\000n\000g\000e\000s}{section.1.6}% 12
\BOOKMARK [1][-]{section.1.7}{\376\377\000T\000e\000c\000h\000n\000i\000c\000a\000l\000\040\000D\000e\000b\000t\000\040\000i\000n\000\040\000M\000a\000c\000h\000i\000n\000e\000\040\000L\000e\000a\000r\000n\000i\000n\000g}{chapter.1}% 13
\BOOKMARK [1][-]{section.1.8}{\376\377\000B\000e\000n\000e\000f\000i\000t\000s\000\040\000o\000f\000\040\000M\000L\000O\000p\000s}{chapter.1}% 14
\BOOKMARK [2][-]{subsection.1.8.1}{\376\377\000F\000a\000s\000t\000e\000r\000\040\000D\000e\000v\000e\000l\000o\000p\000m\000e\000n\000t}{section.1.8}% 15
\BOOKMARK [2][-]{subsection.1.8.2}{\376\377\000I\000m\000p\000r\000o\000v\000e\000d\000\040\000R\000e\000p\000r\000o\000d\000u\000c\000i\000b\000i\000l\000i\000t\000y}{section.1.8}% 16
\BOOKMARK [2][-]{subsection.1.8.3}{\376\377\000R\000e\000l\000i\000a\000b\000l\000e\000\040\000D\000e\000p\000l\000o\000y\000m\000e\000n\000t\000s}{section.1.8}% 17
\BOOKMARK [2][-]{subsection.1.8.4}{\376\377\000C\000o\000n\000t\000i\000n\000u\000o\000u\000s\000\040\000M\000o\000n\000i\000t\000o\000r\000i\000n\000g}{section.1.8}% 18
\BOOKMARK [2][-]{subsection.1.8.5}{\376\377\000B\000e\000t\000t\000e\000r\000\040\000G\000o\000v\000e\000r\000n\000a\000n\000c\000e}{section.1.8}% 19
\BOOKMARK [1][-]{section.1.9}{\376\377\000S\000u\000m\000m\000a\000r\000y}{chapter.1}% 20
\BOOKMARK [0][-]{chapter.2}{\376\377\000T\000h\000e\000\040\000M\000a\000c\000h\000i\000n\000e\000\040\000L\000e\000a\000r\000n\000i\000n\000g\000\040\000L\000i\000f\000e\000c\000y\000c\000l\000e}{}% 21
\BOOKMARK [1][-]{section.2.1}{\376\377\000L\000e\000a\000r\000n\000i\000n\000g\000\040\000O\000b\000j\000e\000c\000t\000i\000v\000e\000s}{chapter.2}% 22
\BOOKMARK [1][-]{section.2.2}{\376\377\000I\000n\000t\000r\000o\000d\000u\000c\000t\000i\000o\000n}{chapter.2}% 23
\BOOKMARK [1][-]{section.2.3}{\376\377\000O\000v\000e\000r\000v\000i\000e\000w\000\040\000o\000f\000\040\000t\000h\000e\000\040\000M\000a\000c\000h\000i\000n\000e\000\040\000L\000e\000a\000r\000n\000i\000n\000g\000\040\000L\000i\000f\000e\000c\000y\000c\000l\000e}{chapter.2}% 24
\BOOKMARK [1][-]{section.2.4}{\376\377\000B\000u\000s\000i\000n\000e\000s\000s\000\040\000U\000n\000d\000e\000r\000s\000t\000a\000n\000d\000i\000n\000g}{chapter.2}% 25
\BOOKMARK [2][-]{subsection.2.4.1}{\376\377\000C\000r\000e\000d\000i\000t\000\040\000S\000c\000o\000r\000i\000n\000g\000\040\000E\000x\000a\000m\000p\000l\000e}{section.2.4}% 26
\BOOKMARK [1][-]{section.2.5}{\376\377\000D\000a\000t\000a\000\040\000C\000o\000l\000l\000e\000c\000t\000i\000o\000n}{chapter.2}% 27
\BOOKMARK [1][-]{section.2.6}{\376\377\000D\000a\000t\000a\000\040\000P\000r\000e\000p\000a\000r\000a\000t\000i\000o\000n}{chapter.2}% 28
\BOOKMARK [1][-]{section.2.7}{\376\377\000F\000e\000a\000t\000u\000r\000e\000\040\000E\000n\000g\000i\000n\000e\000e\000r\000i\000n\000g}{chapter.2}% 29
\BOOKMARK [1][-]{section.2.8}{\376\377\000M\000o\000d\000e\000l\000\040\000D\000e\000v\000e\000l\000o\000p\000m\000e\000n\000t}{chapter.2}% 30
\BOOKMARK [1][-]{section.2.9}{\376\377\000M\000o\000d\000e\000l\000\040\000V\000a\000l\000i\000d\000a\000t\000i\000o\000n}{chapter.2}% 31
\BOOKMARK [1][-]{section.2.10}{\376\377\000M\000o\000d\000e\000l\000\040\000D\000e\000p\000l\000o\000y\000m\000e\000n\000t}{chapter.2}% 32
\BOOKMARK [1][-]{section.2.11}{\376\377\000M\000o\000n\000i\000t\000o\000r\000i\000n\000g}{chapter.2}% 33
\BOOKMARK [1][-]{section.2.12}{\376\377\000R\000e\000t\000r\000a\000i\000n\000i\000n\000g}{chapter.2}% 34
\BOOKMARK [1][-]{section.2.13}{\376\377\000F\000e\000e\000d\000b\000a\000c\000k\000\040\000L\000o\000o\000p\000s}{chapter.2}% 35
\BOOKMARK [1][-]{section.2.14}{\376\377\000T\000h\000e\000\040\000R\000o\000l\000e\000\040\000o\000f\000\040\000M\000L\000O\000p\000s}{chapter.2}% 36
\BOOKMARK [1][-]{section.2.15}{\376\377\000S\000u\000m\000m\000a\000r\000y}{chapter.2}% 37
\BOOKMARK [0][-]{chapter.3}{\376\377\000M\000L\000O\000p\000s\000\040\000P\000r\000i\000n\000c\000i\000p\000l\000e\000s}{}% 38
\BOOKMARK [1][-]{section.3.1}{\376\377\000L\000e\000a\000r\000n\000i\000n\000g\000\040\000O\000b\000j\000e\000c\000t\000i\000v\000e\000s}{chapter.3}% 39
\BOOKMARK [1][-]{section.3.2}{\376\377\000I\000n\000t\000r\000o\000d\000u\000c\000t\000i\000o\000n}{chapter.3}% 40
\BOOKMARK [1][-]{section.3.3}{\376\377\000R\000e\000p\000r\000o\000d\000u\000c\000i\000b\000i\000l\000i\000t\000y}{chapter.3}% 41
\BOOKMARK [2][-]{subsection.3.3.1}{\376\377\000D\000e\000f\000i\000n\000i\000t\000i\000o\000n}{section.3.3}% 42
\BOOKMARK [2][-]{subsection.3.3.2}{\376\377\000W\000h\000y\000\040\000R\000e\000p\000r\000o\000d\000u\000c\000i\000b\000i\000l\000i\000t\000y\000\040\000M\000a\000t\000t\000e\000r\000s}{section.3.3}% 43
\BOOKMARK [2][-]{subsection.3.3.3}{\376\377\000C\000r\000e\000d\000i\000t\000\040\000S\000c\000o\000r\000i\000n\000g\000\040\000E\000x\000a\000m\000p\000l\000e}{section.3.3}% 44
\BOOKMARK [2][-]{subsection.3.3.4}{\376\377\000R\000e\000p\000r\000o\000d\000u\000c\000i\000b\000i\000l\000i\000t\000y\000\040\000R\000e\000q\000u\000i\000r\000e\000m\000e\000n\000t\000s}{section.3.3}% 45
\BOOKMARK [1][-]{section.3.4}{\376\377\000V\000e\000r\000s\000i\000o\000n\000\040\000C\000o\000n\000t\000r\000o\000l}{chapter.3}% 46
\BOOKMARK [2][-]{subsection.3.4.1}{\376\377\000P\000u\000r\000p\000o\000s\000e}{section.3.4}% 47
\BOOKMARK [2][-]{subsection.3.4.2}{\376\377\000W\000h\000a\000t\000\040\000S\000h\000o\000u\000l\000d\000\040\000B\000e\000\040\000V\000e\000r\000s\000i\000o\000n\000e\000d\000?}{section.3.4}% 48
\BOOKMARK [2][-]{subsection.3.4.3}{\376\377\000C\000o\000d\000e\000\040\000V\000e\000r\000s\000i\000o\000n\000i\000n\000g}{section.3.4}% 49
\BOOKMARK [2][-]{subsection.3.4.4}{\376\377\000D\000a\000t\000a\000\040\000V\000e\000r\000s\000i\000o\000n\000i\000n\000g}{section.3.4}% 50
\BOOKMARK [2][-]{subsection.3.4.5}{\376\377\000M\000o\000d\000e\000l\000\040\000V\000e\000r\000s\000i\000o\000n\000i\000n\000g}{section.3.4}% 51
\BOOKMARK [1][-]{section.3.5}{\376\377\000E\000x\000p\000e\000r\000i\000m\000e\000n\000t\000\040\000T\000r\000a\000c\000k\000i\000n\000g}{chapter.3}% 52
\BOOKMARK [2][-]{subsection.3.5.1}{\376\377\000P\000u\000r\000p\000o\000s\000e}{section.3.5}% 53
\BOOKMARK [2][-]{subsection.3.5.2}{\376\377\000T\000y\000p\000i\000c\000a\000l\000\040\000E\000x\000p\000e\000r\000i\000m\000e\000n\000t\000\040\000I\000n\000f\000o\000r\000m\000a\000t\000i\000o\000n}{section.3.5}% 54
\BOOKMARK [2][-]{subsection.3.5.3}{\376\377\000B\000e\000n\000e\000f\000i\000t\000s}{section.3.5}% 55
\BOOKMARK [2][-]{subsection.3.5.4}{\376\377\000E\000x\000a\000m\000p\000l\000e}{section.3.5}% 56
\BOOKMARK [2][-]{subsection.3.5.5}{\376\377\000P\000o\000p\000u\000l\000a\000r\000\040\000T\000o\000o\000l\000s}{section.3.5}% 57
\BOOKMARK [1][-]{section.3.6}{\376\377\000A\000u\000t\000o\000m\000a\000t\000i\000o\000n}{chapter.3}% 58
\BOOKMARK [2][-]{subsection.3.6.1}{\376\377\000W\000h\000y\000\040\000A\000u\000t\000o\000m\000a\000t\000i\000o\000n\000\040\000M\000a\000t\000t\000e\000r\000s}{section.3.6}% 59
\BOOKMARK [2][-]{subsection.3.6.2}{\376\377\000E\000x\000a\000m\000p\000l\000e\000s\000\040\000o\000f\000\040\000A\000u\000t\000o\000m\000a\000t\000i\000o\000n}{section.3.6}% 60
\BOOKMARK [2][-]{subsection.3.6.3}{\376\377\000M\000a\000n\000u\000a\000l\000\040\000v\000e\000r\000s\000u\000s\000\040\000A\000u\000t\000o\000m\000a\000t\000e\000d\000\040\000W\000o\000r\000k\000f\000l\000o\000w\000s}{section.3.6}% 61
\BOOKMARK [2][-]{subsection.3.6.4}{\376\377\000A\000u\000t\000o\000m\000a\000t\000i\000o\000n\000\040\000M\000a\000t\000u\000r\000i\000t\000y\000\040\000L\000e\000v\000e\000l\000s}{section.3.6}% 62
\BOOKMARK [1][-]{section.3.7}{\376\377\000C\000o\000n\000t\000i\000n\000u\000o\000u\000s\000\040\000I\000n\000t\000e\000g\000r\000a\000t\000i\000o\000n}{chapter.3}% 63
\BOOKMARK [2][-]{subsection.3.7.1}{\376\377\000D\000e\000f\000i\000n\000i\000t\000i\000o\000n}{section.3.7}% 64
\BOOKMARK [2][-]{subsection.3.7.2}{\376\377\000O\000b\000j\000e\000c\000t\000i\000v\000e\000s}{section.3.7}% 65
\BOOKMARK [2][-]{subsection.3.7.3}{\376\377\000C\000o\000n\000t\000i\000n\000u\000o\000u\000s\000\040\000I\000n\000t\000e\000g\000r\000a\000t\000i\000o\000n\000\040\000i\000n\000\040\000M\000L\000O\000p\000s}{section.3.7}% 66
\BOOKMARK [2][-]{subsection.3.7.4}{\376\377\000T\000y\000p\000i\000c\000a\000l\000\040\000C\000I\000\040\000P\000i\000p\000e\000l\000i\000n\000e}{section.3.7}% 67
\BOOKMARK [2][-]{subsection.3.7.5}{\376\377\000E\000x\000a\000m\000p\000l\000e}{section.3.7}% 68
\BOOKMARK [2][-]{subsection.3.7.6}{\376\377\000P\000o\000p\000u\000l\000a\000r\000\040\000C\000I\000\040\000T\000o\000o\000l\000s}{section.3.7}% 69
\BOOKMARK [1][-]{section.3.8}{\376\377\000C\000o\000n\000t\000i\000n\000u\000o\000u\000s\000\040\000D\000e\000l\000i\000v\000e\000r\000y}{chapter.3}% 70
\BOOKMARK [2][-]{subsection.3.8.1}{\376\377\000D\000e\000f\000i\000n\000i\000t\000i\000o\000n}{section.3.8}% 71
\BOOKMARK [2][-]{subsection.3.8.2}{\376\377\000B\000e\000n\000e\000f\000i\000t\000s}{section.3.8}% 72
\BOOKMARK [2][-]{subsection.3.8.3}{\376\377\000C\000o\000n\000t\000i\000n\000u\000o\000u\000s\000\040\000D\000e\000l\000i\000v\000e\000r\000y\000\040\000i\000n\000\040\000M\000L\000O\000p\000s}{section.3.8}% 73
\BOOKMARK [2][-]{subsection.3.8.4}{\376\377\000T\000y\000p\000i\000c\000a\000l\000\040\000D\000e\000p\000l\000o\000y\000m\000e\000n\000t\000\040\000F\000l\000o\000w}{section.3.8}% 74
\BOOKMARK [2][-]{subsection.3.8.5}{\376\377\000D\000e\000p\000l\000o\000y\000m\000e\000n\000t\000\040\000S\000t\000r\000a\000t\000e\000g\000i\000e\000s}{section.3.8}% 75
\BOOKMARK [2][-]{subsection.3.8.6}{\376\377\000M\000o\000d\000e\000l\000\040\000P\000r\000o\000m\000o\000t\000i\000o\000n}{section.3.8}% 76
\BOOKMARK [1][-]{section.3.9}{\376\377\000M\000o\000n\000i\000t\000o\000r\000i\000n\000g}{chapter.3}% 77
\BOOKMARK [2][-]{subsection.3.9.1}{\376\377\000W\000h\000y\000\040\000M\000o\000n\000i\000t\000o\000r\000i\000n\000g\000\040\000I\000s\000\040\000E\000s\000s\000e\000n\000t\000i\000a\000l}{section.3.9}% 78
\BOOKMARK [2][-]{subsection.3.9.2}{\376\377\000M\000o\000n\000i\000t\000o\000r\000i\000n\000g\000\040\000O\000b\000j\000e\000c\000t\000i\000v\000e\000s}{section.3.9}% 79
\BOOKMARK [2][-]{subsection.3.9.3}{\376\377\000O\000p\000e\000r\000a\000t\000i\000o\000n\000a\000l\000\040\000M\000o\000n\000i\000t\000o\000r\000i\000n\000g}{section.3.9}% 80
\BOOKMARK [2][-]{subsection.3.9.4}{\376\377\000D\000a\000t\000a\000\040\000M\000o\000n\000i\000t\000o\000r\000i\000n\000g}{section.3.9}% 81
\BOOKMARK [2][-]{subsection.3.9.5}{\376\377\000M\000o\000d\000e\000l\000\040\000M\000o\000n\000i\000t\000o\000r\000i\000n\000g}{section.3.9}% 82
\BOOKMARK [2][-]{subsection.3.9.6}{\376\377\000B\000u\000s\000i\000n\000e\000s\000s\000\040\000M\000o\000n\000i\000t\000o\000r\000i\000n\000g}{section.3.9}% 83
\BOOKMARK [2][-]{subsection.3.9.7}{\376\377\000C\000r\000e\000d\000i\000t\000\040\000S\000c\000o\000r\000i\000n\000g\000\040\000E\000x\000a\000m\000p\000l\000e}{section.3.9}% 84
\BOOKMARK [1][-]{section.3.10}{\376\377\000G\000o\000v\000e\000r\000n\000a\000n\000c\000e}{chapter.3}% 85
\BOOKMARK [2][-]{subsection.3.10.1}{\376\377\000D\000e\000f\000i\000n\000i\000t\000i\000o\000n}{section.3.10}% 86
\BOOKMARK [2][-]{subsection.3.10.2}{\376\377\000G\000o\000v\000e\000r\000n\000a\000n\000c\000e\000\040\000O\000b\000j\000e\000c\000t\000i\000v\000e\000s}{section.3.10}% 87
\BOOKMARK [2][-]{subsection.3.10.3}{\376\377\000M\000o\000d\000e\000l\000\040\000D\000o\000c\000u\000m\000e\000n\000t\000a\000t\000i\000o\000n}{section.3.10}% 88
\BOOKMARK [2][-]{subsection.3.10.4}{\376\377\000A\000p\000p\000r\000o\000v\000a\000l\000\040\000P\000r\000o\000c\000e\000s\000s\000e\000s}{section.3.10}% 89
\BOOKMARK [2][-]{subsection.3.10.5}{\376\377\000R\000e\000g\000u\000l\000a\000t\000o\000r\000y\000\040\000C\000o\000n\000s\000i\000d\000e\000r\000a\000t\000i\000o\000n\000s}{section.3.10}% 90
\BOOKMARK [1][-]{section.3.11}{\376\377\000S\000e\000c\000u\000r\000i\000t\000y}{chapter.3}% 91
\BOOKMARK [2][-]{subsection.3.11.1}{\376\377\000W\000h\000y\000\040\000S\000e\000c\000u\000r\000i\000t\000y\000\040\000M\000a\000t\000t\000e\000r\000s}{section.3.11}% 92
\BOOKMARK [2][-]{subsection.3.11.2}{\376\377\000S\000e\000c\000u\000r\000i\000t\000y\000\040\000O\000b\000j\000e\000c\000t\000i\000v\000e\000s}{section.3.11}% 93
\BOOKMARK [2][-]{subsection.3.11.3}{\376\377\000A\000c\000c\000e\000s\000s\000\040\000C\000o\000n\000t\000r\000o\000l}{section.3.11}% 94
\BOOKMARK [2][-]{subsection.3.11.4}{\376\377\000S\000e\000c\000r\000e\000t\000s\000\040\000M\000a\000n\000a\000g\000e\000m\000e\000n\000t}{section.3.11}% 95
\BOOKMARK [2][-]{subsection.3.11.5}{\376\377\000A\000u\000d\000i\000t\000\040\000L\000o\000g\000g\000i\000n\000g}{section.3.11}% 96
\BOOKMARK [1][-]{section.3.12}{\376\377\000C\000o\000l\000l\000a\000b\000o\000r\000a\000t\000i\000o\000n}{chapter.3}% 97
\BOOKMARK [2][-]{subsection.3.12.1}{\376\377\000T\000h\000e\000\040\000N\000e\000e\000d\000\040\000f\000o\000r\000\040\000C\000o\000l\000l\000a\000b\000o\000r\000a\000t\000i\000o\000n}{section.3.12}% 98
\BOOKMARK [2][-]{subsection.3.12.2}{\376\377\000C\000h\000a\000l\000l\000e\000n\000g\000e\000s}{section.3.12}% 99
\BOOKMARK [2][-]{subsection.3.12.3}{\376\377\000C\000o\000l\000l\000a\000b\000o\000r\000a\000t\000i\000o\000n\000\040\000M\000e\000c\000h\000a\000n\000i\000s\000m\000s}{section.3.12}% 100
\BOOKMARK [2][-]{subsection.3.12.4}{\376\377\000B\000e\000n\000e\000f\000i\000t\000s}{section.3.12}% 101
\BOOKMARK [1][-]{section.3.13}{\376\377\000M\000L\000O\000p\000s\000\040\000M\000a\000t\000u\000r\000i\000t\000y\000\040\000M\000o\000d\000e\000l}{chapter.3}% 102
\BOOKMARK [2][-]{subsection.3.13.1}{\376\377\000O\000v\000e\000r\000v\000i\000e\000w}{section.3.13}% 103
\BOOKMARK [2][-]{subsection.3.13.2}{\376\377\000L\000e\000v\000e\000l\000\040\0000}{section.3.13}% 104
\BOOKMARK [2][-]{subsection.3.13.3}{\376\377\000L\000e\000v\000e\000l\000\040\0001}{section.3.13}% 105
\BOOKMARK [2][-]{subsection.3.13.4}{\376\377\000L\000e\000v\000e\000l\000\040\0002}{section.3.13}% 106
\BOOKMARK [2][-]{subsection.3.13.5}{\376\377\000L\000e\000v\000e\000l\000\040\0003}{section.3.13}% 107
\BOOKMARK [2][-]{subsection.3.13.6}{\376\377\000L\000e\000v\000e\000l\000\040\0004}{section.3.13}% 108
\BOOKMARK [1][-]{section.3.14}{\376\377\000S\000u\000m\000m\000a\000r\000y}{chapter.3}% 109
\BOOKMARK [0][-]{chapter.4}{\376\377\000M\000L\000O\000p\000s\000\040\000A\000r\000c\000h\000i\000t\000e\000c\000t\000u\000r\000e}{}% 110
\BOOKMARK [1][-]{section.4.1}{\376\377\000L\000e\000a\000r\000n\000i\000n\000g\000\040\000O\000b\000j\000e\000c\000t\000i\000v\000e\000s}{chapter.4}% 111
\BOOKMARK [1][-]{section.4.2}{\376\377\000I\000n\000t\000r\000o\000d\000u\000c\000t\000i\000o\000n}{chapter.4}% 112
\BOOKMARK [1][-]{section.4.3}{\376\377\000W\000h\000y\000\040\000A\000r\000c\000h\000i\000t\000e\000c\000t\000u\000r\000e\000\040\000M\000a\000t\000t\000e\000r\000s}{chapter.4}% 113
\BOOKMARK [1][-]{section.4.4}{\376\377\000R\000e\000f\000e\000r\000e\000n\000c\000e\000\040\000A\000r\000c\000h\000i\000t\000e\000c\000t\000u\000r\000e\000\040\000O\000v\000e\000r\000v\000i\000e\000w}{chapter.4}% 114
\BOOKMARK [1][-]{section.4.5}{\376\377\000D\000a\000t\000a\000\040\000S\000o\000u\000r\000c\000e\000s\000\040\000L\000a\000y\000e\000r}{chapter.4}% 115
\BOOKMARK [2][-]{subsection.4.5.1}{\376\377\000P\000u\000r\000p\000o\000s\000e}{section.4.5}% 116
\BOOKMARK [2][-]{subsection.4.5.2}{\376\377\000E\000x\000a\000m\000p\000l\000e\000s\000\040\000o\000f\000\040\000D\000a\000t\000a\000\040\000S\000o\000u\000r\000c\000e\000s}{section.4.5}% 117
\BOOKMARK [2][-]{subsection.4.5.3}{\376\377\000C\000r\000e\000d\000i\000t\000\040\000S\000c\000o\000r\000i\000n\000g\000\040\000E\000x\000a\000m\000p\000l\000e}{section.4.5}% 118
\BOOKMARK [2][-]{subsection.4.5.4}{\376\377\000A\000r\000c\000h\000i\000t\000e\000c\000t\000u\000r\000a\000l\000\040\000C\000o\000n\000s\000i\000d\000e\000r\000a\000t\000i\000o\000n\000s}{section.4.5}% 119
\BOOKMARK [1][-]{section.4.6}{\376\377\000D\000a\000t\000a\000\040\000P\000i\000p\000e\000l\000i\000n\000e\000\040\000L\000a\000y\000e\000r}{chapter.4}% 120
\BOOKMARK [2][-]{subsection.4.6.1}{\376\377\000P\000u\000r\000p\000o\000s\000e}{section.4.6}% 121
\BOOKMARK [2][-]{subsection.4.6.2}{\376\377\000T\000y\000p\000i\000c\000a\000l\000\040\000A\000c\000t\000i\000v\000i\000t\000i\000e\000s}{section.4.6}% 122
\BOOKMARK [2][-]{subsection.4.6.3}{\376\377\000A\000u\000t\000o\000m\000a\000t\000i\000o\000n}{section.4.6}% 123
\BOOKMARK [2][-]{subsection.4.6.4}{\376\377\000C\000o\000m\000m\000o\000n\000\040\000T\000e\000c\000h\000n\000o\000l\000o\000g\000i\000e\000s}{section.4.6}% 124
\BOOKMARK [1][-]{section.4.7}{\376\377\000F\000e\000a\000t\000u\000r\000e\000\040\000S\000t\000o\000r\000e}{chapter.4}% 125
\BOOKMARK [2][-]{subsection.4.7.1}{\376\377\000P\000u\000r\000p\000o\000s\000e}{section.4.7}% 126
\BOOKMARK [2][-]{subsection.4.7.2}{\376\377\000W\000h\000y\000\040\000F\000e\000a\000t\000u\000r\000e\000\040\000S\000t\000o\000r\000e\000s\000\040\000E\000x\000i\000s\000t}{section.4.7}% 127
\BOOKMARK [2][-]{subsection.4.7.3}{\376\377\000T\000y\000p\000i\000c\000a\000l\000\040\000R\000e\000s\000p\000o\000n\000s\000i\000b\000i\000l\000i\000t\000i\000e\000s}{section.4.7}% 128
\BOOKMARK [2][-]{subsection.4.7.4}{\376\377\000O\000f\000f\000l\000i\000n\000e\000\040\000F\000e\000a\000t\000u\000r\000e\000s}{section.4.7}% 129
\BOOKMARK [2][-]{subsection.4.7.5}{\376\377\000O\000n\000l\000i\000n\000e\000\040\000F\000e\000a\000t\000u\000r\000e\000s}{section.4.7}% 130
\BOOKMARK [2][-]{subsection.4.7.6}{\376\377\000F\000e\000a\000t\000u\000r\000e\000\040\000M\000e\000t\000a\000d\000a\000t\000a}{section.4.7}% 131
\BOOKMARK [2][-]{subsection.4.7.7}{\376\377\000C\000r\000e\000d\000i\000t\000\040\000S\000c\000o\000r\000i\000n\000g\000\040\000E\000x\000a\000m\000p\000l\000e}{section.4.7}% 132
\BOOKMARK [2][-]{subsection.4.7.8}{\376\377\000P\000o\000p\000u\000l\000a\000r\000\040\000T\000e\000c\000h\000n\000o\000l\000o\000g\000i\000e\000s}{section.4.7}% 133
\BOOKMARK [1][-]{section.4.8}{\376\377\000T\000r\000a\000i\000n\000i\000n\000g\000\040\000P\000i\000p\000e\000l\000i\000n\000e\000\040\000L\000a\000y\000e\000r}{chapter.4}% 134
\BOOKMARK [2][-]{subsection.4.8.1}{\376\377\000P\000u\000r\000p\000o\000s\000e}{section.4.8}% 135
\BOOKMARK [2][-]{subsection.4.8.2}{\376\377\000T\000y\000p\000i\000c\000a\000l\000\040\000P\000i\000p\000e\000l\000i\000n\000e\000\040\000S\000t\000a\000g\000e\000s}{section.4.8}% 136
\BOOKMARK [2][-]{subsection.4.8.3}{\376\377\000B\000e\000n\000e\000f\000i\000t\000s}{section.4.8}% 137
\BOOKMARK [2][-]{subsection.4.8.4}{\376\377\000P\000i\000p\000e\000l\000i\000n\000e\000\040\000I\000n\000p\000u\000t\000s}{section.4.8}% 138
\BOOKMARK [2][-]{subsection.4.8.5}{\376\377\000P\000i\000p\000e\000l\000i\000n\000e\000\040\000O\000u\000t\000p\000u\000t\000s}{section.4.8}% 139
\BOOKMARK [2][-]{subsection.4.8.6}{\376\377\000H\000y\000p\000e\000r\000p\000a\000r\000a\000m\000e\000t\000e\000r\000\040\000O\000p\000t\000i\000m\000i\000z\000a\000t\000i\000o\000n}{section.4.8}% 140
\BOOKMARK [2][-]{subsection.4.8.7}{\376\377\000D\000i\000s\000t\000r\000i\000b\000u\000t\000e\000d\000\040\000T\000r\000a\000i\000n\000i\000n\000g}{section.4.8}% 141
\BOOKMARK [2][-]{subsection.4.8.8}{\376\377\000T\000r\000a\000i\000n\000i\000n\000g\000\040\000E\000n\000v\000i\000r\000o\000n\000m\000e\000n\000t\000\040\000S\000t\000a\000n\000d\000a\000r\000d\000i\000z\000a\000t\000i\000o\000n}{section.4.8}% 142
\BOOKMARK [2][-]{subsection.4.8.9}{\376\377\000T\000r\000a\000i\000n\000i\000n\000g\000\040\000P\000i\000p\000e\000l\000i\000n\000e\000\040\000T\000e\000c\000h\000n\000o\000l\000o\000g\000i\000e\000s}{section.4.8}% 143
\BOOKMARK [1][-]{section.4.9}{\376\377\000E\000x\000p\000e\000r\000i\000m\000e\000n\000t\000\040\000T\000r\000a\000c\000k\000i\000n\000g\000\040\000L\000a\000y\000e\000r}{chapter.4}% 144
\BOOKMARK [2][-]{subsection.4.9.1}{\376\377\000P\000u\000r\000p\000o\000s\000e}{section.4.9}% 145
\BOOKMARK [2][-]{subsection.4.9.2}{\376\377\000O\000b\000j\000e\000c\000t\000i\000v\000e\000s}{section.4.9}% 146
\BOOKMARK [2][-]{subsection.4.9.3}{\376\377\000T\000r\000a\000c\000k\000e\000d\000\040\000I\000n\000f\000o\000r\000m\000a\000t\000i\000o\000n}{section.4.9}% 147
\BOOKMARK [2][-]{subsection.4.9.4}{\376\377\000M\000e\000t\000r\000i\000c\000s\000\040\000T\000r\000a\000c\000k\000i\000n\000g}{section.4.9}% 148
\BOOKMARK [2][-]{subsection.4.9.5}{\376\377\000A\000r\000t\000i\000f\000a\000c\000t\000\040\000T\000r\000a\000c\000k\000i\000n\000g}{section.4.9}% 149
\BOOKMARK [2][-]{subsection.4.9.6}{\376\377\000B\000e\000n\000e\000f\000i\000t\000s}{section.4.9}% 150
\BOOKMARK [2][-]{subsection.4.9.7}{\376\377\000C\000r\000e\000d\000i\000t\000\040\000S\000c\000o\000r\000i\000n\000g\000\040\000E\000x\000a\000m\000p\000l\000e}{section.4.9}% 151
\BOOKMARK [2][-]{subsection.4.9.8}{\376\377\000P\000o\000p\000u\000l\000a\000r\000\040\000T\000e\000c\000h\000n\000o\000l\000o\000g\000i\000e\000s}{section.4.9}% 152
\BOOKMARK [1][-]{section.4.10}{\376\377\000M\000o\000d\000e\000l\000\040\000R\000e\000g\000i\000s\000t\000r\000y\000\040\000L\000a\000y\000e\000r}{chapter.4}% 153
\BOOKMARK [2][-]{subsection.4.10.1}{\376\377\000P\000u\000r\000p\000o\000s\000e}{section.4.10}% 154
\BOOKMARK [2][-]{subsection.4.10.2}{\376\377\000W\000h\000y\000\040\000a\000\040\000R\000e\000g\000i\000s\000t\000r\000y\000\040\000I\000s\000\040\000N\000e\000c\000e\000s\000s\000a\000r\000y}{section.4.10}% 155
\BOOKMARK [2][-]{subsection.4.10.3}{\376\377\000M\000o\000d\000e\000l\000\040\000L\000i\000f\000e\000c\000y\000c\000l\000e}{section.4.10}% 156
\BOOKMARK [2][-]{subsection.4.10.4}{\376\377\000M\000o\000d\000e\000l\000\040\000M\000e\000t\000a\000d\000a\000t\000a}{section.4.10}% 157
\BOOKMARK [2][-]{subsection.4.10.5}{\376\377\000V\000e\000r\000s\000i\000o\000n\000\040\000M\000a\000n\000a\000g\000e\000m\000e\000n\000t}{section.4.10}% 158
\BOOKMARK [2][-]{subsection.4.10.6}{\376\377\000A\000p\000p\000r\000o\000v\000a\000l\000\040\000W\000o\000r\000k\000f\000l\000o\000w\000s}{section.4.10}% 159
\BOOKMARK [2][-]{subsection.4.10.7}{\376\377\000M\000o\000d\000e\000l\000\040\000P\000r\000o\000m\000o\000t\000i\000o\000n}{section.4.10}% 160
\BOOKMARK [2][-]{subsection.4.10.8}{\376\377\000G\000o\000v\000e\000r\000n\000a\000n\000c\000e\000\040\000B\000e\000n\000e\000f\000i\000t\000s}{section.4.10}% 161
\BOOKMARK [2][-]{subsection.4.10.9}{\376\377\000M\000L\000f\000l\000o\000w\000\040\000R\000e\000g\000i\000s\000t\000r\000y}{section.4.10}% 162
\BOOKMARK [2][-]{subsection.4.10.10}{\376\377\000A\000z\000u\000r\000e\000\040\000M\000L\000\040\000R\000e\000g\000i\000s\000t\000r\000y}{section.4.10}% 163
\BOOKMARK [2][-]{subsection.4.10.11}{\376\377\000B\000e\000s\000t\000\040\000P\000r\000a\000c\000t\000i\000c\000e\000s}{section.4.10}% 164
\BOOKMARK [1][-]{section.4.11}{\376\377\000D\000e\000p\000l\000o\000y\000m\000e\000n\000t\000\040\000L\000a\000y\000e\000r}{chapter.4}% 165
\BOOKMARK [2][-]{subsection.4.11.1}{\376\377\000P\000u\000r\000p\000o\000s\000e}{section.4.11}% 166
\BOOKMARK [2][-]{subsection.4.11.2}{\376\377\000D\000e\000p\000l\000o\000y\000m\000e\000n\000t\000\040\000C\000h\000a\000l\000l\000e\000n\000g\000e\000s}{section.4.11}% 167
\BOOKMARK [1][-]{section.4.12}{\376\377\000C\000o\000n\000t\000a\000i\000n\000e\000r\000i\000z\000a\000t\000i\000o\000n}{chapter.4}% 168
\BOOKMARK [2][-]{subsection.4.12.1}{\376\377\000W\000h\000y\000\040\000C\000o\000n\000t\000a\000i\000n\000e\000r\000s\000?}{section.4.12}% 169
\BOOKMARK [2][-]{subsection.4.12.2}{\376\377\000D\000o\000c\000k\000e\000r}{section.4.12}% 170
\BOOKMARK [2][-]{subsection.4.12.3}{\376\377\000T\000y\000p\000i\000c\000a\000l\000\040\000C\000o\000n\000t\000a\000i\000n\000e\000r\000\040\000A\000r\000c\000h\000i\000t\000e\000c\000t\000u\000r\000e}{section.4.12}% 171
\BOOKMARK [1][-]{section.4.13}{\376\377\000B\000a\000t\000c\000h\000\040\000I\000n\000f\000e\000r\000e\000n\000c\000e}{chapter.4}% 172
\BOOKMARK [2][-]{subsection.4.13.1}{\376\377\000D\000e\000f\000i\000n\000i\000t\000i\000o\000n}{section.4.13}% 173
\BOOKMARK [2][-]{subsection.4.13.2}{\376\377\000C\000h\000a\000r\000a\000c\000t\000e\000r\000i\000s\000t\000i\000c\000s}{section.4.13}% 174
\BOOKMARK [2][-]{subsection.4.13.3}{\376\377\000A\000d\000v\000a\000n\000t\000a\000g\000e\000s}{section.4.13}% 175
\BOOKMARK [1][-]{section.4.14}{\376\377\000O\000n\000l\000i\000n\000e\000\040\000I\000n\000f\000e\000r\000e\000n\000c\000e}{chapter.4}% 176
\BOOKMARK [2][-]{subsection.4.14.1}{\376\377\000D\000e\000f\000i\000n\000i\000t\000i\000o\000n}{section.4.14}% 177
\BOOKMARK [2][-]{subsection.4.14.2}{\376\377\000C\000h\000a\000r\000a\000c\000t\000e\000r\000i\000s\000t\000i\000c\000s}{section.4.14}% 178
\BOOKMARK [2][-]{subsection.4.14.3}{\376\377\000T\000y\000p\000i\000c\000a\000l\000\040\000A\000r\000c\000h\000i\000t\000e\000c\000t\000u\000r\000e}{section.4.14}% 179
\BOOKMARK [1][-]{section.4.15}{\376\377\000M\000o\000d\000e\000l\000\040\000S\000e\000r\000v\000i\000n\000g}{chapter.4}% 180
\BOOKMARK [2][-]{subsection.4.15.1}{\376\377\000P\000u\000r\000p\000o\000s\000e}{section.4.15}% 181
\BOOKMARK [2][-]{subsection.4.15.2}{\376\377\000S\000e\000r\000v\000i\000n\000g\000\040\000I\000n\000t\000e\000r\000f\000a\000c\000e\000s}{section.4.15}% 182
\BOOKMARK [2][-]{subsection.4.15.3}{\376\377\000P\000r\000e\000d\000i\000c\000t\000i\000o\000n\000\040\000A\000P\000I\000s}{section.4.15}% 183
\BOOKMARK [2][-]{subsection.4.15.4}{\376\377\000F\000a\000s\000t\000A\000P\000I}{section.4.15}% 184
\BOOKMARK [1][-]{section.4.16}{\376\377\000D\000e\000p\000l\000o\000y\000m\000e\000n\000t\000\040\000S\000t\000r\000a\000t\000e\000g\000i\000e\000s}{chapter.4}% 185
\BOOKMARK [2][-]{subsection.4.16.1}{\376\377\000B\000l\000u\000e\000-\000G\000r\000e\000e\000n\000\040\000D\000e\000p\000l\000o\000y\000m\000e\000n\000t}{section.4.16}% 186
\BOOKMARK [2][-]{subsection.4.16.2}{\376\377\000C\000a\000n\000a\000r\000y\000\040\000D\000e\000p\000l\000o\000y\000m\000e\000n\000t}{section.4.16}% 187
\BOOKMARK [2][-]{subsection.4.16.3}{\376\377\000S\000h\000a\000d\000o\000w\000\040\000D\000e\000p\000l\000o\000y\000m\000e\000n\000t}{section.4.16}% 188
\BOOKMARK [1][-]{section.4.17}{\376\377\000C\000l\000o\000u\000d\000\040\000D\000e\000p\000l\000o\000y\000m\000e\000n\000t\000\040\000P\000l\000a\000t\000f\000o\000r\000m\000s}{chapter.4}% 189
\BOOKMARK [2][-]{subsection.4.17.1}{\376\377\000A\000z\000u\000r\000e\000\040\000M\000a\000c\000h\000i\000n\000e\000\040\000L\000e\000a\000r\000n\000i\000n\000g\000\040\000E\000n\000d\000p\000o\000i\000n\000t\000s}{section.4.17}% 190
\BOOKMARK [2][-]{subsection.4.17.2}{\376\377\000K\000u\000b\000e\000r\000n\000e\000t\000e\000s}{section.4.17}% 191
\BOOKMARK [2][-]{subsection.4.17.3}{\376\377\000S\000e\000r\000v\000e\000r\000l\000e\000s\000s\000\040\000I\000n\000f\000e\000r\000e\000n\000c\000e}{section.4.17}% 192
\BOOKMARK [1][-]{section.4.18}{\376\377\000M\000o\000n\000i\000t\000o\000r\000i\000n\000g\000\040\000L\000a\000y\000e\000r}{chapter.4}% 193
\BOOKMARK [2][-]{subsection.4.18.1}{\376\377\000P\000u\000r\000p\000o\000s\000e}{section.4.18}% 194
\BOOKMARK [2][-]{subsection.4.18.2}{\376\377\000M\000o\000n\000i\000t\000o\000r\000i\000n\000g\000\040\000O\000b\000j\000e\000c\000t\000i\000v\000e\000s}{section.4.18}% 195
\BOOKMARK [2][-]{subsection.4.18.3}{\376\377\000O\000p\000e\000r\000a\000t\000i\000o\000n\000a\000l\000\040\000M\000o\000n\000i\000t\000o\000r\000i\000n\000g}{section.4.18}% 196
\BOOKMARK [2][-]{subsection.4.18.4}{\376\377\000D\000a\000t\000a\000\040\000M\000o\000n\000i\000t\000o\000r\000i\000n\000g}{section.4.18}% 197
\BOOKMARK [2][-]{subsection.4.18.5}{\376\377\000M\000o\000d\000e\000l\000\040\000M\000o\000n\000i\000t\000o\000r\000i\000n\000g}{section.4.18}% 198
\BOOKMARK [2][-]{subsection.4.18.6}{\376\377\000B\000u\000s\000i\000n\000e\000s\000s\000\040\000M\000o\000n\000i\000t\000o\000r\000i\000n\000g}{section.4.18}% 199
\BOOKMARK [2][-]{subsection.4.18.7}{\376\377\000A\000l\000e\000r\000t\000i\000n\000g\000\040\000M\000e\000c\000h\000a\000n\000i\000s\000m\000s}{section.4.18}% 200
\BOOKMARK [2][-]{subsection.4.18.8}{\376\377\000M\000o\000n\000i\000t\000o\000r\000i\000n\000g\000\040\000T\000e\000c\000h\000n\000o\000l\000o\000g\000i\000e\000s}{section.4.18}% 201
\BOOKMARK [1][-]{section.4.19}{\376\377\000G\000o\000v\000e\000r\000n\000a\000n\000c\000e\000\040\000L\000a\000y\000e\000r}{chapter.4}% 202
\BOOKMARK [2][-]{subsection.4.19.1}{\376\377\000P\000u\000r\000p\000o\000s\000e}{section.4.19}% 203
\BOOKMARK [2][-]{subsection.4.19.2}{\376\377\000G\000o\000v\000e\000r\000n\000a\000n\000c\000e\000\040\000O\000b\000j\000e\000c\000t\000i\000v\000e\000s}{section.4.19}% 204
\BOOKMARK [2][-]{subsection.4.19.3}{\376\377\000K\000e\000y\000\040\000G\000o\000v\000e\000r\000n\000a\000n\000c\000e\000\040\000C\000o\000m\000p\000o\000n\000e\000n\000t\000s}{section.4.19}% 205
\BOOKMARK [2][-]{subsection.4.19.4}{\376\377\000M\000o\000d\000e\000l\000\040\000D\000o\000c\000u\000m\000e\000n\000t\000a\000t\000i\000o\000n}{section.4.19}% 206
\BOOKMARK [2][-]{subsection.4.19.5}{\376\377\000A\000u\000d\000i\000t\000a\000b\000i\000l\000i\000t\000y}{section.4.19}% 207
\BOOKMARK [2][-]{subsection.4.19.6}{\376\377\000R\000e\000g\000u\000l\000a\000t\000o\000r\000y\000\040\000C\000o\000n\000t\000e\000x\000t}{section.4.19}% 208
\BOOKMARK [1][-]{section.4.20}{\376\377\000R\000e\000s\000p\000o\000n\000s\000i\000b\000l\000e\000\040\000A\000I\000\040\000L\000a\000y\000e\000r}{chapter.4}% 209
\BOOKMARK [2][-]{subsection.4.20.1}{\376\377\000W\000h\000y\000\040\000R\000e\000s\000p\000o\000n\000s\000i\000b\000l\000e\000\040\000A\000I\000\040\000M\000a\000t\000t\000e\000r\000s}{section.4.20}% 210
\BOOKMARK [2][-]{subsection.4.20.2}{\376\377\000C\000o\000r\000e\000\040\000P\000r\000i\000n\000c\000i\000p\000l\000e\000s}{section.4.20}% 211
\BOOKMARK [2][-]{subsection.4.20.3}{\376\377\000F\000a\000i\000r\000n\000e\000s\000s\000\040\000A\000s\000s\000e\000s\000s\000m\000e\000n\000t}{section.4.20}% 212
\BOOKMARK [2][-]{subsection.4.20.4}{\376\377\000E\000x\000p\000l\000a\000i\000n\000a\000b\000i\000l\000i\000t\000y}{section.4.20}% 213
\BOOKMARK [2][-]{subsection.4.20.5}{\376\377\000R\000e\000s\000p\000o\000n\000s\000i\000b\000l\000e\000\040\000A\000I\000\040\000T\000o\000o\000l\000i\000n\000g}{section.4.20}% 214
\BOOKMARK [1][-]{section.4.21}{\376\377\000E\000n\000d\000-\000t\000o\000-\000E\000n\000d\000\040\000R\000e\000f\000e\000r\000e\000n\000c\000e\000\040\000A\000r\000c\000h\000i\000t\000e\000c\000t\000u\000r\000e}{chapter.4}% 215
\BOOKMARK [1][-]{section.4.22}{\376\377\000S\000u\000m\000m\000a\000r\000y}{chapter.4}% 216
\BOOKMARK [0][-]{chapter.5}{\376\377\000M\000L\000O\000p\000s\000\040\000v\000s\000\040\000D\000e\000v\000O\000p\000s\000\040\000v\000s\000\040\000D\000a\000t\000a\000O\000p\000s}{}% 217
\BOOKMARK [1][-]{section.5.1}{\376\377\000L\000e\000a\000r\000n\000i\000n\000g\000\040\000O\000b\000j\000e\000c\000t\000i\000v\000e\000s}{chapter.5}% 218
\BOOKMARK [1][-]{section.5.2}{\376\377\000I\000n\000t\000r\000o\000d\000u\000c\000t\000i\000o\000n}{chapter.5}% 219
\BOOKMARK [1][-]{section.5.3}{\376\377\000D\000e\000v\000O\000p\000s}{chapter.5}% 220
\BOOKMARK [2][-]{subsection.5.3.1}{\376\377\000D\000e\000f\000i\000n\000i\000t\000i\000o\000n}{section.5.3}% 221
\BOOKMARK [2][-]{subsection.5.3.2}{\376\377\000C\000o\000r\000e\000\040\000O\000b\000j\000e\000c\000t\000i\000v\000e\000s}{section.5.3}% 222
\BOOKMARK [2][-]{subsection.5.3.3}{\376\377\000T\000y\000p\000i\000c\000a\000l\000\040\000D\000e\000v\000O\000p\000s\000\040\000A\000c\000t\000i\000v\000i\000t\000i\000e\000s}{section.5.3}% 223
\BOOKMARK [2][-]{subsection.5.3.4}{\376\377\000P\000r\000i\000m\000a\000r\000y\000\040\000A\000s\000s\000e\000t\000s}{section.5.3}% 224
\BOOKMARK [2][-]{subsection.5.3.5}{\376\377\000T\000y\000p\000i\000c\000a\000l\000\040\000T\000o\000o\000l\000i\000n\000g}{section.5.3}% 225
\BOOKMARK [1][-]{section.5.4}{\376\377\000D\000a\000t\000a\000O\000p\000s}{chapter.5}% 226
\BOOKMARK [2][-]{subsection.5.4.1}{\376\377\000D\000e\000f\000i\000n\000i\000t\000i\000o\000n}{section.5.4}% 227
\BOOKMARK [2][-]{subsection.5.4.2}{\376\377\000C\000o\000r\000e\000\040\000O\000b\000j\000e\000c\000t\000i\000v\000e\000s}{section.5.4}% 228
\BOOKMARK [2][-]{subsection.5.4.3}{\376\377\000T\000y\000p\000i\000c\000a\000l\000\040\000D\000a\000t\000a\000O\000p\000s\000\040\000A\000c\000t\000i\000v\000i\000t\000i\000e\000s}{section.5.4}% 229
\BOOKMARK [2][-]{subsection.5.4.4}{\376\377\000P\000r\000i\000m\000a\000r\000y\000\040\000A\000s\000s\000e\000t\000s}{section.5.4}% 230
\BOOKMARK [2][-]{subsection.5.4.5}{\376\377\000T\000y\000p\000i\000c\000a\000l\000\040\000D\000a\000t\000a\000O\000p\000s\000\040\000T\000o\000o\000l\000i\000n\000g}{section.5.4}% 231
\BOOKMARK [1][-]{section.5.5}{\376\377\000M\000L\000O\000p\000s}{chapter.5}% 232
\BOOKMARK [2][-]{subsection.5.5.1}{\376\377\000D\000e\000f\000i\000n\000i\000t\000i\000o\000n}{section.5.5}% 233
\BOOKMARK [2][-]{subsection.5.5.2}{\376\377\000C\000o\000r\000e\000\040\000O\000b\000j\000e\000c\000t\000i\000v\000e\000s}{section.5.5}% 234
\BOOKMARK [2][-]{subsection.5.5.3}{\376\377\000T\000y\000p\000i\000c\000a\000l\000\040\000M\000L\000O\000p\000s\000\040\000A\000c\000t\000i\000v\000i\000t\000i\000e\000s}{section.5.5}% 235
\BOOKMARK [2][-]{subsection.5.5.4}{\376\377\000P\000r\000i\000m\000a\000r\000y\000\040\000A\000s\000s\000e\000t\000s}{section.5.5}% 236
\BOOKMARK [2][-]{subsection.5.5.5}{\376\377\000T\000y\000p\000i\000c\000a\000l\000\040\000M\000L\000O\000p\000s\000\040\000T\000o\000o\000l\000i\000n\000g}{section.5.5}% 237
\BOOKMARK [1][-]{section.5.6}{\376\377\000C\000o\000m\000p\000a\000r\000i\000n\000g\000\040\000D\000e\000v\000O\000p\000s\000,\000\040\000D\000a\000t\000a\000O\000p\000s\000,\000\040\000a\000n\000d\000\040\000M\000L\000O\000p\000s}{chapter.5}% 238
\BOOKMARK [2][-]{subsection.5.6.1}{\376\377\000H\000i\000g\000h\000-\000L\000e\000v\000e\000l\000\040\000C\000o\000m\000p\000a\000r\000i\000s\000o\000n}{section.5.6}% 239
\BOOKMARK [2][-]{subsection.5.6.2}{\376\377\000C\000o\000m\000m\000o\000n\000\040\000P\000r\000i\000n\000c\000i\000p\000l\000e\000s}{section.5.6}% 240
\BOOKMARK [2][-]{subsection.5.6.3}{\376\377\000K\000e\000y\000\040\000D\000i\000f\000f\000e\000r\000e\000n\000c\000e\000s}{section.5.6}% 241
\BOOKMARK [1][-]{section.5.7}{\376\377\000T\000h\000e\000\040\000A\000d\000d\000i\000t\000i\000o\000n\000a\000l\000\040\000C\000o\000m\000p\000l\000e\000x\000i\000t\000y\000\040\000o\000f\000\040\000M\000L\000O\000p\000s}{chapter.5}% 242
\BOOKMARK [2][-]{subsection.5.7.1}{\376\377\000M\000o\000d\000e\000l\000\040\000D\000r\000i\000f\000t}{section.5.7}% 243
\BOOKMARK [2][-]{subsection.5.7.2}{\376\377\000E\000x\000p\000e\000r\000i\000m\000e\000n\000t\000\040\000M\000a\000n\000a\000g\000e\000m\000e\000n\000t}{section.5.7}% 244
\BOOKMARK [2][-]{subsection.5.7.3}{\376\377\000R\000e\000t\000r\000a\000i\000n\000i\000n\000g\000\040\000R\000e\000q\000u\000i\000r\000e\000m\000e\000n\000t\000s}{section.5.7}% 245
\BOOKMARK [1][-]{section.5.8}{\376\377\000C\000o\000l\000l\000a\000b\000o\000r\000a\000t\000i\000o\000n\000\040\000M\000o\000d\000e\000l}{chapter.5}% 246
\BOOKMARK [2][-]{subsection.5.8.1}{\376\377\000W\000h\000y\000\040\000C\000o\000l\000l\000a\000b\000o\000r\000a\000t\000i\000o\000n\000\040\000M\000a\000t\000t\000e\000r\000s}{section.5.8}% 247
\BOOKMARK [2][-]{subsection.5.8.2}{\376\377\000T\000y\000p\000i\000c\000a\000l\000\040\000R\000e\000s\000p\000o\000n\000s\000i\000b\000i\000l\000i\000t\000i\000e\000s}{section.5.8}% 248
\BOOKMARK [2][-]{subsection.5.8.3}{\376\377\000I\000n\000t\000e\000g\000r\000a\000t\000e\000d\000\040\000W\000o\000r\000k\000f\000l\000o\000w}{section.5.8}% 249
\BOOKMARK [1][-]{section.5.9}{\376\377\000O\000r\000g\000a\000n\000i\000z\000a\000t\000i\000o\000n\000a\000l\000\040\000S\000t\000r\000u\000c\000t\000u\000r\000e\000s}{chapter.5}% 250
\BOOKMARK [2][-]{subsection.5.9.1}{\376\377\000T\000r\000a\000d\000i\000t\000i\000o\000n\000a\000l\000\040\000S\000t\000r\000u\000c\000t\000u\000r\000e}{section.5.9}% 251
\BOOKMARK [2][-]{subsection.5.9.2}{\376\377\000C\000r\000o\000s\000s\000-\000F\000u\000n\000c\000t\000i\000o\000n\000a\000l\000\040\000T\000e\000a\000m\000s}{section.5.9}% 252
\BOOKMARK [1][-]{section.5.10}{\376\377\000C\000r\000e\000d\000i\000t\000\040\000S\000c\000o\000r\000i\000n\000g\000\040\000C\000a\000s\000e\000\040\000S\000t\000u\000d\000y}{chapter.5}% 253
\BOOKMARK [2][-]{subsection.5.10.1}{\376\377\000S\000c\000e\000n\000a\000r\000i\000o}{section.5.10}% 254
\BOOKMARK [2][-]{subsection.5.10.2}{\376\377\000D\000a\000t\000a\000O\000p\000s\000\040\000C\000o\000n\000t\000r\000i\000b\000u\000t\000i\000o\000n\000s}{section.5.10}% 255
\BOOKMARK [2][-]{subsection.5.10.3}{\376\377\000M\000L\000O\000p\000s\000\040\000C\000o\000n\000t\000r\000i\000b\000u\000t\000i\000o\000n\000s}{section.5.10}% 256
\BOOKMARK [2][-]{subsection.5.10.4}{\376\377\000D\000e\000v\000O\000p\000s\000\040\000C\000o\000n\000t\000r\000i\000b\000u\000t\000i\000o\000n\000s}{section.5.10}% 257
\BOOKMARK [2][-]{subsection.5.10.5}{\376\377\000O\000u\000t\000c\000o\000m\000e}{section.5.10}% 258
\BOOKMARK [1][-]{section.5.11}{\376\377\000P\000r\000a\000c\000t\000i\000c\000a\000l\000\040\000G\000u\000i\000d\000a\000n\000c\000e}{chapter.5}% 259
\BOOKMARK [1][-]{section.5.12}{\376\377\000S\000u\000m\000m\000a\000r\000y}{chapter.5}% 260
\BOOKMARK [0][-]{chapter.6}{\376\377\000M\000L\000O\000p\000s\000\040\000T\000o\000o\000l\000i\000n\000g\000\040\000L\000a\000n\000d\000s\000c\000a\000p\000e}{}% 261
\BOOKMARK [1][-]{section.6.1}{\376\377\000L\000e\000a\000r\000n\000i\000n\000g\000\040\000O\000b\000j\000e\000c\000t\000i\000v\000e\000s}{chapter.6}% 262
\BOOKMARK [1][-]{section.6.2}{\376\377\000I\000n\000t\000r\000o\000d\000u\000c\000t\000i\000o\000n}{chapter.6}% 263
\BOOKMARK [1][-]{section.6.3}{\376\377\000M\000L\000O\000p\000s\000\040\000T\000o\000o\000l\000\040\000C\000a\000t\000e\000g\000o\000r\000i\000e\000s}{chapter.6}% 264
\BOOKMARK [1][-]{section.6.4}{\376\377\000S\000o\000u\000r\000c\000e\000\040\000C\000o\000n\000t\000r\000o\000l\000\040\000T\000o\000o\000l\000s}{chapter.6}% 265
\BOOKMARK [2][-]{subsection.6.4.1}{\376\377\000P\000u\000r\000p\000o\000s\000e}{section.6.4}% 266
\BOOKMARK [2][-]{subsection.6.4.2}{\376\377\000G\000i\000t}{section.6.4}% 267
\BOOKMARK [2][-]{subsection.6.4.3}{\376\377\000G\000i\000t\000H\000u\000b}{section.6.4}% 268
\BOOKMARK [2][-]{subsection.6.4.4}{\376\377\000G\000i\000t\000L\000a\000b}{section.6.4}% 269
\BOOKMARK [1][-]{section.6.5}{\376\377\000D\000a\000t\000a\000\040\000V\000e\000r\000s\000i\000o\000n\000i\000n\000g\000\040\000T\000o\000o\000l\000s}{chapter.6}% 270
\BOOKMARK [2][-]{subsection.6.5.1}{\376\377\000W\000h\000y\000\040\000D\000a\000t\000a\000\040\000V\000e\000r\000s\000i\000o\000n\000i\000n\000g\000\040\000M\000a\000t\000t\000e\000r\000s}{section.6.5}% 271
\BOOKMARK [2][-]{subsection.6.5.2}{\376\377\000D\000V\000C}{section.6.5}% 272
\BOOKMARK [2][-]{subsection.6.5.3}{\376\377\000L\000a\000k\000e\000F\000S}{section.6.5}% 273
\BOOKMARK [2][-]{subsection.6.5.4}{\376\377\000D\000e\000l\000t\000a\000\040\000L\000a\000k\000e}{section.6.5}% 274
\BOOKMARK [1][-]{section.6.6}{\376\377\000E\000x\000p\000e\000r\000i\000m\000e\000n\000t\000\040\000T\000r\000a\000c\000k\000i\000n\000g\000\040\000P\000l\000a\000t\000f\000o\000r\000m\000s}{chapter.6}% 275
\BOOKMARK [2][-]{subsection.6.6.1}{\376\377\000P\000u\000r\000p\000o\000s\000e}{section.6.6}% 276
\BOOKMARK [1][-]{section.6.7}{\376\377\000M\000L\000f\000l\000o\000w}{chapter.6}% 277
\BOOKMARK [2][-]{subsection.6.7.1}{\376\377\000O\000v\000e\000r\000v\000i\000e\000w}{section.6.7}% 278
\BOOKMARK [2][-]{subsection.6.7.2}{\376\377\000M\000L\000f\000l\000o\000w\000\040\000T\000r\000a\000c\000k\000i\000n\000g}{section.6.7}% 279
\BOOKMARK [2][-]{subsection.6.7.3}{\376\377\000M\000L\000f\000l\000o\000w\000\040\000M\000o\000d\000e\000l\000\040\000R\000e\000g\000i\000s\000t\000r\000y}{section.6.7}% 280
\BOOKMARK [2][-]{subsection.6.7.4}{\376\377\000A\000d\000v\000a\000n\000t\000a\000g\000e\000s}{section.6.7}% 281
\BOOKMARK [1][-]{section.6.8}{\376\377\000W\000e\000i\000g\000h\000t\000s\000\040\000\046\000\040\000B\000i\000a\000s\000e\000s}{chapter.6}% 282
\BOOKMARK [2][-]{subsection.6.8.1}{\376\377\000O\000v\000e\000r\000v\000i\000e\000w}{section.6.8}% 283
\BOOKMARK [2][-]{subsection.6.8.2}{\376\377\000T\000y\000p\000i\000c\000a\000l\000\040\000U\000s\000e\000\040\000C\000a\000s\000e\000s}{section.6.8}% 284
\BOOKMARK [1][-]{section.6.9}{\376\377\000N\000e\000p\000t\000u\000n\000e}{chapter.6}% 285
\BOOKMARK [1][-]{section.6.10}{\376\377\000M\000o\000d\000e\000l\000\040\000R\000e\000g\000i\000s\000t\000r\000i\000e\000s}{chapter.6}% 286
\BOOKMARK [2][-]{subsection.6.10.1}{\376\377\000P\000u\000r\000p\000o\000s\000e}{section.6.10}% 287
\BOOKMARK [2][-]{subsection.6.10.2}{\376\377\000R\000e\000g\000i\000s\000t\000r\000y\000\040\000C\000a\000p\000a\000b\000i\000l\000i\000t\000i\000e\000s}{section.6.10}% 288
\BOOKMARK [2][-]{subsection.6.10.3}{\376\377\000P\000o\000p\000u\000l\000a\000r\000\040\000R\000e\000g\000i\000s\000t\000r\000i\000e\000s}{section.6.10}% 289
\BOOKMARK [1][-]{section.6.11}{\376\377\000F\000e\000a\000t\000u\000r\000e\000\040\000S\000t\000o\000r\000e\000s}{chapter.6}% 290
\BOOKMARK [2][-]{subsection.6.11.1}{\376\377\000P\000u\000r\000p\000o\000s\000e}{section.6.11}% 291
\BOOKMARK [2][-]{subsection.6.11.2}{\376\377\000K\000e\000y\000\040\000C\000a\000p\000a\000b\000i\000l\000i\000t\000i\000e\000s}{section.6.11}% 292
\BOOKMARK [2][-]{subsection.6.11.3}{\376\377\000F\000e\000a\000s\000t}{section.6.11}% 293
\BOOKMARK [2][-]{subsection.6.11.4}{\376\377\000D\000a\000t\000a\000b\000r\000i\000c\000k\000s\000\040\000F\000e\000a\000t\000u\000r\000e\000\040\000S\000t\000o\000r\000e}{section.6.11}% 294
\BOOKMARK [2][-]{subsection.6.11.5}{\376\377\000A\000z\000u\000r\000e\000\040\000F\000e\000a\000t\000u\000r\000e\000\040\000S\000t\000o\000r\000e}{section.6.11}% 295
\BOOKMARK [1][-]{section.6.12}{\376\377\000P\000i\000p\000e\000l\000i\000n\000e\000\040\000O\000r\000c\000h\000e\000s\000t\000r\000a\000t\000i\000o\000n\000\040\000P\000l\000a\000t\000f\000o\000r\000m\000s}{chapter.6}% 296
\BOOKMARK [2][-]{subsection.6.12.1}{\376\377\000P\000u\000r\000p\000o\000s\000e}{section.6.12}% 297
\BOOKMARK [2][-]{subsection.6.12.2}{\376\377\000B\000e\000n\000e\000f\000i\000t\000s}{section.6.12}% 298
\BOOKMARK [1][-]{section.6.13}{\376\377\000A\000p\000a\000c\000h\000e\000\040\000A\000i\000r\000f\000l\000o\000w}{chapter.6}% 299
\BOOKMARK [2][-]{subsection.6.13.1}{\376\377\000O\000v\000e\000r\000v\000i\000e\000w}{section.6.13}% 300
\BOOKMARK [2][-]{subsection.6.13.2}{\376\377\000T\000y\000p\000i\000c\000a\000l\000\040\000U\000s\000e\000\040\000C\000a\000s\000e\000s}{section.6.13}% 301
\BOOKMARK [2][-]{subsection.6.13.3}{\376\377\000A\000d\000v\000a\000n\000t\000a\000g\000e\000s}{section.6.13}% 302
\BOOKMARK [2][-]{subsection.6.13.4}{\376\377\000L\000i\000m\000i\000t\000a\000t\000i\000o\000n\000s}{section.6.13}% 303
\BOOKMARK [1][-]{section.6.14}{\376\377\000K\000u\000b\000e\000f\000l\000o\000w}{chapter.6}% 304
\BOOKMARK [2][-]{subsection.6.14.1}{\376\377\000O\000v\000e\000r\000v\000i\000e\000w}{section.6.14}% 305
\BOOKMARK [2][-]{subsection.6.14.2}{\376\377\000C\000o\000r\000e\000\040\000C\000o\000m\000p\000o\000n\000e\000n\000t\000s}{section.6.14}% 306
\BOOKMARK [2][-]{subsection.6.14.3}{\376\377\000A\000d\000v\000a\000n\000t\000a\000g\000e\000s}{section.6.14}% 307
\BOOKMARK [2][-]{subsection.6.14.4}{\376\377\000C\000h\000a\000l\000l\000e\000n\000g\000e\000s}{section.6.14}% 308
\BOOKMARK [1][-]{section.6.15}{\376\377\000A\000z\000u\000r\000e\000\040\000M\000a\000c\000h\000i\000n\000e\000\040\000L\000e\000a\000r\000n\000i\000n\000g\000\040\000P\000i\000p\000e\000l\000i\000n\000e\000s}{chapter.6}% 309
\BOOKMARK [2][-]{subsection.6.15.1}{\376\377\000O\000v\000e\000r\000v\000i\000e\000w}{section.6.15}% 310
\BOOKMARK [2][-]{subsection.6.15.2}{\376\377\000B\000e\000n\000e\000f\000i\000t\000s}{section.6.15}% 311
\BOOKMARK [2][-]{subsection.6.15.3}{\376\377\000T\000y\000p\000i\000c\000a\000l\000\040\000E\000n\000t\000e\000r\000p\000r\000i\000s\000e\000\040\000U\000s\000a\000g\000e}{section.6.15}% 312
\BOOKMARK [1][-]{section.6.16}{\376\377\000D\000a\000t\000a\000b\000r\000i\000c\000k\000s\000\040\000W\000o\000r\000k\000f\000l\000o\000w\000s}{chapter.6}% 313
\BOOKMARK [2][-]{subsection.6.16.1}{\376\377\000O\000v\000e\000r\000v\000i\000e\000w}{section.6.16}% 314
\BOOKMARK [2][-]{subsection.6.16.2}{\376\377\000B\000e\000n\000e\000f\000i\000t\000s}{section.6.16}% 315
\BOOKMARK [1][-]{section.6.17}{\376\377\000C\000o\000m\000p\000a\000r\000i\000n\000g\000\040\000O\000r\000c\000h\000e\000s\000t\000r\000a\000t\000i\000o\000n\000\040\000P\000l\000a\000t\000f\000o\000r\000m\000s}{chapter.6}% 316
\BOOKMARK [1][-]{section.6.18}{\376\377\000C\000o\000n\000t\000a\000i\000n\000e\000r\000i\000z\000a\000t\000i\000o\000n\000\040\000a\000n\000d\000\040\000D\000e\000p\000l\000o\000y\000m\000e\000n\000t\000\040\000T\000o\000o\000l\000s}{chapter.6}% 317
\BOOKMARK [2][-]{subsection.6.18.1}{\376\377\000W\000h\000y\000\040\000C\000o\000n\000t\000a\000i\000n\000e\000r\000i\000z\000a\000t\000i\000o\000n\000\040\000M\000a\000t\000t\000e\000r\000s}{section.6.18}% 318
\BOOKMARK [1][-]{section.6.19}{\376\377\000D\000o\000c\000k\000e\000r}{chapter.6}% 319
\BOOKMARK [2][-]{subsection.6.19.1}{\376\377\000O\000v\000e\000r\000v\000i\000e\000w}{section.6.19}% 320
\BOOKMARK [2][-]{subsection.6.19.2}{\376\377\000B\000e\000n\000e\000f\000i\000t\000s}{section.6.19}% 321
\BOOKMARK [2][-]{subsection.6.19.3}{\376\377\000T\000y\000p\000i\000c\000a\000l\000\040\000M\000L\000O\000p\000s\000\040\000U\000s\000a\000g\000e}{section.6.19}% 322
\BOOKMARK [1][-]{section.6.20}{\376\377\000K\000u\000b\000e\000r\000n\000e\000t\000e\000s}{chapter.6}% 323
\BOOKMARK [2][-]{subsection.6.20.1}{\376\377\000O\000v\000e\000r\000v\000i\000e\000w}{section.6.20}% 324
\BOOKMARK [2][-]{subsection.6.20.2}{\376\377\000B\000e\000n\000e\000f\000i\000t\000s}{section.6.20}% 325
\BOOKMARK [2][-]{subsection.6.20.3}{\376\377\000T\000y\000p\000i\000c\000a\000l\000\040\000M\000L\000O\000p\000s\000\040\000U\000s\000a\000g\000e}{section.6.20}% 326
\BOOKMARK [1][-]{section.6.21}{\376\377\000C\000l\000o\000u\000d\000\040\000M\000L\000O\000p\000s\000\040\000P\000l\000a\000t\000f\000o\000r\000m\000s}{chapter.6}% 327
\BOOKMARK [2][-]{subsection.6.21.1}{\376\377\000A\000z\000u\000r\000e\000\040\000M\000a\000c\000h\000i\000n\000e\000\040\000L\000e\000a\000r\000n\000i\000n\000g}{section.6.21}% 328
\BOOKMARK [2][-]{subsection.6.21.2}{\376\377\000S\000t\000r\000e\000n\000g\000t\000h\000s}{section.6.21}% 329
\BOOKMARK [2][-]{subsection.6.21.3}{\376\377\000O\000t\000h\000e\000r\000\040\000C\000l\000o\000u\000d\000\040\000P\000l\000a\000t\000f\000o\000r\000m\000s}{section.6.21}% 330
\BOOKMARK [1][-]{section.6.22}{\376\377\000C\000I\000/\000C\000D\000\040\000P\000l\000a\000t\000f\000o\000r\000m\000s}{chapter.6}% 331
\BOOKMARK [2][-]{subsection.6.22.1}{\376\377\000P\000u\000r\000p\000o\000s\000e}{section.6.22}% 332
\BOOKMARK [1][-]{section.6.23}{\376\377\000G\000i\000t\000H\000u\000b\000\040\000A\000c\000t\000i\000o\000n\000s}{chapter.6}% 333
\BOOKMARK [2][-]{subsection.6.23.1}{\376\377\000A\000d\000v\000a\000n\000t\000a\000g\000e\000s}{section.6.23}% 334
\BOOKMARK [1][-]{section.6.24}{\376\377\000A\000z\000u\000r\000e\000\040\000D\000e\000v\000O\000p\000s}{chapter.6}% 335
\BOOKMARK [1][-]{section.6.25}{\376\377\000M\000o\000n\000i\000t\000o\000r\000i\000n\000g\000\040\000P\000l\000a\000t\000f\000o\000r\000m\000s}{chapter.6}% 336
\BOOKMARK [2][-]{subsection.6.25.1}{\376\377\000P\000u\000r\000p\000o\000s\000e}{section.6.25}% 337
\BOOKMARK [1][-]{section.6.26}{\376\377\000P\000r\000o\000m\000e\000t\000h\000e\000u\000s}{chapter.6}% 338
\BOOKMARK [1][-]{section.6.27}{\376\377\000G\000r\000a\000f\000a\000n\000a}{chapter.6}% 339
\BOOKMARK [1][-]{section.6.28}{\376\377\000E\000v\000i\000d\000e\000n\000t\000l\000y\000\040\000A\000I}{chapter.6}% 340
\BOOKMARK [1][-]{section.6.29}{\376\377\000R\000e\000f\000e\000r\000e\000n\000c\000e\000\040\000T\000e\000c\000h\000n\000o\000l\000o\000g\000y\000\040\000S\000t\000a\000c\000k}{chapter.6}% 341
\BOOKMARK [1][-]{section.6.30}{\376\377\000T\000o\000o\000l\000\040\000S\000e\000l\000e\000c\000t\000i\000o\000n\000\040\000G\000u\000i\000d\000e\000l\000i\000n\000e\000s}{chapter.6}% 342
\BOOKMARK [1][-]{section.6.31}{\376\377\000S\000u\000m\000m\000a\000r\000y}{chapter.6}% 343
\BOOKMARK [0][-]{chapter.7}{\376\377\000R\000o\000l\000e\000s\000\040\000a\000n\000d\000\040\000R\000e\000s\000p\000o\000n\000s\000i\000b\000i\000l\000i\000t\000i\000e\000s\000\040\000i\000n\000\040\000M\000L\000O\000p\000s}{}% 344
\BOOKMARK [1][-]{section.7.1}{\376\377\000L\000e\000a\000r\000n\000i\000n\000g\000\040\000O\000b\000j\000e\000c\000t\000i\000v\000e\000s}{chapter.7}% 345
\BOOKMARK [1][-]{section.7.2}{\376\377\000I\000n\000t\000r\000o\000d\000u\000c\000t\000i\000o\000n}{chapter.7}% 346
\BOOKMARK [1][-]{section.7.3}{\376\377\000O\000v\000e\000r\000v\000i\000e\000w\000\040\000o\000f\000\040\000R\000o\000l\000e\000s}{chapter.7}% 347
\BOOKMARK [1][-]{section.7.4}{\376\377\000B\000u\000s\000i\000n\000e\000s\000s\000\040\000O\000w\000n\000e\000r}{chapter.7}% 348
\BOOKMARK [2][-]{subsection.7.4.1}{\376\377\000P\000u\000r\000p\000o\000s\000e}{section.7.4}% 349
\BOOKMARK [2][-]{subsection.7.4.2}{\376\377\000T\000y\000p\000i\000c\000a\000l\000\040\000R\000e\000s\000p\000o\000n\000s\000i\000b\000i\000l\000i\000t\000i\000e\000s}{section.7.4}% 350
\BOOKMARK [2][-]{subsection.7.4.3}{\376\377\000C\000r\000e\000d\000i\000t\000\040\000S\000c\000o\000r\000i\000n\000g\000\040\000E\000x\000a\000m\000p\000l\000e}{section.7.4}% 351
\BOOKMARK [1][-]{section.7.5}{\376\377\000P\000r\000o\000d\000u\000c\000t\000\040\000O\000w\000n\000e\000r}{chapter.7}% 352
\BOOKMARK [2][-]{subsection.7.5.1}{\376\377\000P\000u\000r\000p\000o\000s\000e}{section.7.5}% 353
\BOOKMARK [2][-]{subsection.7.5.2}{\376\377\000R\000e\000s\000p\000o\000n\000s\000i\000b\000i\000l\000i\000t\000i\000e\000s}{section.7.5}% 354
\BOOKMARK [2][-]{subsection.7.5.3}{\376\377\000K\000e\000y\000\040\000S\000k\000i\000l\000l\000s}{section.7.5}% 355
\BOOKMARK [1][-]{section.7.6}{\376\377\000D\000a\000t\000a\000\040\000E\000n\000g\000i\000n\000e\000e\000r}{chapter.7}% 356
\BOOKMARK [2][-]{subsection.7.6.1}{\376\377\000P\000u\000r\000p\000o\000s\000e}{section.7.6}% 357
\BOOKMARK [2][-]{subsection.7.6.2}{\376\377\000R\000e\000s\000p\000o\000n\000s\000i\000b\000i\000l\000i\000t\000i\000e\000s}{section.7.6}% 358
\BOOKMARK [2][-]{subsection.7.6.3}{\376\377\000K\000e\000y\000\040\000T\000e\000c\000h\000n\000o\000l\000o\000g\000i\000e\000s}{section.7.6}% 359
\BOOKMARK [2][-]{subsection.7.6.4}{\376\377\000S\000u\000c\000c\000e\000s\000s\000\040\000C\000r\000i\000t\000e\000r\000i\000a}{section.7.6}% 360
\BOOKMARK [1][-]{section.7.7}{\376\377\000D\000a\000t\000a\000\040\000S\000c\000i\000e\000n\000t\000i\000s\000t}{chapter.7}% 361
\BOOKMARK [2][-]{subsection.7.7.1}{\376\377\000P\000u\000r\000p\000o\000s\000e}{section.7.7}% 362
\BOOKMARK [2][-]{subsection.7.7.2}{\376\377\000R\000e\000s\000p\000o\000n\000s\000i\000b\000i\000l\000i\000t\000i\000e\000s}{section.7.7}% 363
\BOOKMARK [2][-]{subsection.7.7.3}{\376\377\000K\000e\000y\000\040\000T\000e\000c\000h\000n\000o\000l\000o\000g\000i\000e\000s}{section.7.7}% 364
\BOOKMARK [2][-]{subsection.7.7.4}{\376\377\000S\000u\000c\000c\000e\000s\000s\000\040\000C\000r\000i\000t\000e\000r\000i\000a}{section.7.7}% 365
\BOOKMARK [2][-]{subsection.7.7.5}{\376\377\000C\000o\000m\000m\000o\000n\000\040\000M\000i\000s\000c\000o\000n\000c\000e\000p\000t\000i\000o\000n}{section.7.7}% 366
\BOOKMARK [1][-]{section.7.8}{\376\377\000M\000a\000c\000h\000i\000n\000e\000\040\000L\000e\000a\000r\000n\000i\000n\000g\000\040\000E\000n\000g\000i\000n\000e\000e\000r}{chapter.7}% 367
\BOOKMARK [2][-]{subsection.7.8.1}{\376\377\000P\000u\000r\000p\000o\000s\000e}{section.7.8}% 368
\BOOKMARK [2][-]{subsection.7.8.2}{\376\377\000R\000e\000s\000p\000o\000n\000s\000i\000b\000i\000l\000i\000t\000i\000e\000s}{section.7.8}% 369
\BOOKMARK [2][-]{subsection.7.8.3}{\376\377\000K\000e\000y\000\040\000T\000e\000c\000h\000n\000o\000l\000o\000g\000i\000e\000s}{section.7.8}% 370
\BOOKMARK [2][-]{subsection.7.8.4}{\376\377\000S\000u\000c\000c\000e\000s\000s\000\040\000C\000r\000i\000t\000e\000r\000i\000a}{section.7.8}% 371
\BOOKMARK [2][-]{subsection.7.8.5}{\376\377\000P\000o\000s\000i\000t\000i\000o\000n\000\040\000W\000i\000t\000h\000i\000n\000\040\000t\000h\000e\000\040\000O\000r\000g\000a\000n\000i\000z\000a\000t\000i\000o\000n}{section.7.8}% 372
\BOOKMARK [1][-]{section.7.9}{\376\377\000D\000e\000v\000O\000p\000s\000\040\000E\000n\000g\000i\000n\000e\000e\000r}{chapter.7}% 373
\BOOKMARK [2][-]{subsection.7.9.1}{\376\377\000P\000u\000r\000p\000o\000s\000e}{section.7.9}% 374
\BOOKMARK [2][-]{subsection.7.9.2}{\376\377\000R\000e\000s\000p\000o\000n\000s\000i\000b\000i\000l\000i\000t\000i\000e\000s}{section.7.9}% 375
\BOOKMARK [2][-]{subsection.7.9.3}{\376\377\000K\000e\000y\000\040\000T\000e\000c\000h\000n\000o\000l\000o\000g\000i\000e\000s}{section.7.9}% 376
\BOOKMARK [2][-]{subsection.7.9.4}{\376\377\000S\000u\000c\000c\000e\000s\000s\000\040\000C\000r\000i\000t\000e\000r\000i\000a}{section.7.9}% 377
\BOOKMARK [2][-]{subsection.7.9.5}{\376\377\000R\000e\000l\000a\000t\000i\000o\000n\000s\000h\000i\000p\000\040\000w\000i\000t\000h\000\040\000M\000L\000O\000p\000s}{section.7.9}% 378
\BOOKMARK [1][-]{section.7.10}{\376\377\000M\000o\000d\000e\000l\000\040\000V\000a\000l\000i\000d\000a\000t\000o\000r}{chapter.7}% 379
\BOOKMARK [2][-]{subsection.7.10.1}{\376\377\000P\000u\000r\000p\000o\000s\000e}{section.7.10}% 380
\BOOKMARK [2][-]{subsection.7.10.2}{\376\377\000R\000e\000s\000p\000o\000n\000s\000i\000b\000i\000l\000i\000t\000i\000e\000s}{section.7.10}% 381
\BOOKMARK [2][-]{subsection.7.10.3}{\376\377\000V\000a\000l\000i\000d\000a\000t\000i\000o\000n\000\040\000A\000r\000e\000a\000s}{section.7.10}% 382
\BOOKMARK [1][-]{section.7.11}{\376\377\000R\000i\000s\000k\000\040\000M\000a\000n\000a\000g\000e\000r}{chapter.7}% 383
\BOOKMARK [2][-]{subsection.7.11.1}{\376\377\000P\000u\000r\000p\000o\000s\000e}{section.7.11}% 384
\BOOKMARK [2][-]{subsection.7.11.2}{\376\377\000R\000e\000s\000p\000o\000n\000s\000i\000b\000i\000l\000i\000t\000i\000e\000s}{section.7.11}% 385
\BOOKMARK [2][-]{subsection.7.11.3}{\376\377\000T\000y\000p\000i\000c\000a\000l\000\040\000F\000r\000a\000m\000e\000w\000o\000r\000k\000s}{section.7.11}% 386
\BOOKMARK [1][-]{section.7.12}{\376\377\000I\000T\000\040\000S\000e\000c\000u\000r\000i\000t\000y\000\040\000O\000f\000f\000i\000c\000e\000r}{chapter.7}% 387
\BOOKMARK [2][-]{subsection.7.12.1}{\376\377\000P\000u\000r\000p\000o\000s\000e}{section.7.12}% 388
\BOOKMARK [2][-]{subsection.7.12.2}{\376\377\000R\000e\000s\000p\000o\000n\000s\000i\000b\000i\000l\000i\000t\000i\000e\000s}{section.7.12}% 389
\BOOKMARK [2][-]{subsection.7.12.3}{\376\377\000S\000e\000c\000u\000r\000i\000t\000y\000\040\000C\000o\000n\000c\000e\000r\000n\000s}{section.7.12}% 390
\BOOKMARK [1][-]{section.7.13}{\376\377\000O\000p\000e\000r\000a\000t\000i\000o\000n\000s\000\040\000T\000e\000a\000m}{chapter.7}% 391
\BOOKMARK [2][-]{subsection.7.13.1}{\376\377\000P\000u\000r\000p\000o\000s\000e}{section.7.13}% 392
\BOOKMARK [2][-]{subsection.7.13.2}{\376\377\000R\000e\000s\000p\000o\000n\000s\000i\000b\000i\000l\000i\000t\000i\000e\000s}{section.7.13}% 393
\BOOKMARK [1][-]{section.7.14}{\376\377\000E\000x\000a\000m\000p\000l\000e\000\040\000R\000A\000C\000I\000\040\000M\000a\000t\000r\000i\000x}{chapter.7}% 394
\BOOKMARK [2][-]{subsection.7.14.1}{\376\377\000C\000r\000e\000d\000i\000t\000\040\000S\000c\000o\000r\000i\000n\000g\000\040\000P\000r\000o\000j\000e\000c\000t}{section.7.14}% 395
\BOOKMARK [1][-]{section.7.15}{\376\377\000C\000r\000e\000d\000i\000t\000\040\000S\000c\000o\000r\000i\000n\000g\000\040\000E\000n\000d\000-\000t\000o\000-\000E\000n\000d\000\040\000E\000x\000a\000m\000p\000l\000e}{chapter.7}% 396
\BOOKMARK [1][-]{section.7.16}{\376\377\000O\000p\000e\000r\000a\000t\000i\000n\000g\000\040\000M\000o\000d\000e\000l\000\040\000B\000e\000s\000t\000\040\000P\000r\000a\000c\000t\000i\000c\000e\000s}{chapter.7}% 397
\BOOKMARK [1][-]{section.7.17}{\376\377\000S\000u\000m\000m\000a\000r\000y}{chapter.7}% 398
\BOOKMARK [0][-]{chapter.8}{\376\377\000M\000i\000n\000i\000-\000P\000r\000o\000j\000e\000c\000t\000:\000\040\000D\000e\000s\000i\000g\000n\000i\000n\000g\000\040\000a\000n\000\040\000M\000L\000O\000p\000s\000\040\000S\000o\000l\000u\000t\000i\000o\000n}{}% 399
\BOOKMARK [1][-]{section.8.1}{\376\377\000L\000e\000a\000r\000n\000i\000n\000g\000\040\000O\000b\000j\000e\000c\000t\000i\000v\000e\000s}{chapter.8}% 400
\BOOKMARK [1][-]{section.8.2}{\376\377\000P\000r\000o\000j\000e\000c\000t\000\040\000O\000v\000e\000r\000v\000i\000e\000w}{chapter.8}% 401
\BOOKMARK [1][-]{section.8.3}{\376\377\000B\000u\000s\000i\000n\000e\000s\000s\000\040\000C\000o\000n\000t\000e\000x\000t}{chapter.8}% 402
\BOOKMARK [1][-]{section.8.4}{\376\377\000B\000u\000s\000i\000n\000e\000s\000s\000\040\000R\000e\000q\000u\000i\000r\000e\000m\000e\000n\000t\000s}{chapter.8}% 403
\BOOKMARK [1][-]{section.8.5}{\376\377\000A\000v\000a\000i\000l\000a\000b\000l\000e\000\040\000D\000a\000t\000a\000\040\000S\000o\000u\000r\000c\000e\000s}{chapter.8}% 404
\BOOKMARK [2][-]{subsection.8.5.1}{\376\377\000C\000u\000s\000t\000o\000m\000e\000r\000\040\000D\000a\000t\000a}{section.8.5}% 405
\BOOKMARK [2][-]{subsection.8.5.2}{\376\377\000L\000o\000a\000n\000\040\000D\000a\000t\000a}{section.8.5}% 406
\BOOKMARK [2][-]{subsection.8.5.3}{\376\377\000C\000r\000e\000d\000i\000t\000\040\000B\000u\000r\000e\000a\000u\000\040\000D\000a\000t\000a}{section.8.5}% 407
\BOOKMARK [2][-]{subsection.8.5.4}{\376\377\000M\000a\000c\000r\000o\000e\000c\000o\000n\000o\000m\000i\000c\000\040\000D\000a\000t\000a}{section.8.5}% 408
\BOOKMARK [1][-]{section.8.6}{\376\377\000T\000a\000r\000g\000e\000t\000\040\000A\000r\000c\000h\000i\000t\000e\000c\000t\000u\000r\000e}{chapter.8}% 409
\BOOKMARK [1][-]{section.8.7}{\376\377\000D\000a\000t\000a\000\040\000L\000a\000y\000e\000r}{chapter.8}% 410
\BOOKMARK [2][-]{subsection.8.7.1}{\376\377\000O\000b\000j\000e\000c\000t\000i\000v\000e\000s}{section.8.7}% 411
\BOOKMARK [2][-]{subsection.8.7.2}{\376\377\000P\000r\000o\000p\000o\000s\000e\000d\000\040\000T\000e\000c\000h\000n\000o\000l\000o\000g\000i\000e\000s}{section.8.7}% 412
\BOOKMARK [2][-]{subsection.8.7.3}{\376\377\000D\000e\000l\000i\000v\000e\000r\000a\000b\000l\000e\000s}{section.8.7}% 413
\BOOKMARK [1][-]{section.8.8}{\376\377\000F\000e\000a\000t\000u\000r\000e\000\040\000E\000n\000g\000i\000n\000e\000e\000r\000i\000n\000g\000\040\000L\000a\000y\000e\000r}{chapter.8}% 414
\BOOKMARK [2][-]{subsection.8.8.1}{\376\377\000O\000b\000j\000e\000c\000t\000i\000v\000e\000s}{section.8.8}% 415
\BOOKMARK [2][-]{subsection.8.8.2}{\376\377\000E\000x\000a\000m\000p\000l\000e\000\040\000F\000e\000a\000t\000u\000r\000e\000s}{section.8.8}% 416
\BOOKMARK [2][-]{subsection.8.8.3}{\376\377\000F\000e\000a\000t\000u\000r\000e\000\040\000S\000t\000o\000r\000e\000\040\000R\000e\000q\000u\000i\000r\000e\000m\000e\000n\000t\000s}{section.8.8}% 417
\BOOKMARK [1][-]{section.8.9}{\376\377\000T\000r\000a\000i\000n\000i\000n\000g\000\040\000E\000n\000v\000i\000r\000o\000n\000m\000e\000n\000t}{chapter.8}% 418
\BOOKMARK [2][-]{subsection.8.9.1}{\376\377\000O\000b\000j\000e\000c\000t\000i\000v\000e\000s}{section.8.9}% 419
\BOOKMARK [2][-]{subsection.8.9.2}{\376\377\000C\000a\000n\000d\000i\000d\000a\000t\000e\000\040\000A\000l\000g\000o\000r\000i\000t\000h\000m\000s}{section.8.9}% 420
\BOOKMARK [2][-]{subsection.8.9.3}{\376\377\000E\000v\000a\000l\000u\000a\000t\000i\000o\000n\000\040\000M\000e\000t\000r\000i\000c\000s}{section.8.9}% 421
\BOOKMARK [1][-]{section.8.10}{\376\377\000E\000x\000p\000e\000r\000i\000m\000e\000n\000t\000\040\000T\000r\000a\000c\000k\000i\000n\000g}{chapter.8}% 422
\BOOKMARK [2][-]{subsection.8.10.1}{\376\377\000R\000e\000c\000o\000m\000m\000e\000n\000d\000e\000d\000\040\000T\000e\000c\000h\000n\000o\000l\000o\000g\000y}{section.8.10}% 423
\BOOKMARK [1][-]{section.8.11}{\376\377\000M\000o\000d\000e\000l\000\040\000R\000e\000g\000i\000s\000t\000r\000y}{chapter.8}% 424
\BOOKMARK [2][-]{subsection.8.11.1}{\376\377\000R\000e\000c\000o\000m\000m\000e\000n\000d\000e\000d\000\040\000T\000e\000c\000h\000n\000o\000l\000o\000g\000y}{section.8.11}% 425
\BOOKMARK [1][-]{section.8.12}{\376\377\000D\000e\000p\000l\000o\000y\000m\000e\000n\000t\000\040\000S\000t\000r\000a\000t\000e\000g\000y}{chapter.8}% 426
\BOOKMARK [2][-]{subsection.8.12.1}{\376\377\000O\000b\000j\000e\000c\000t\000i\000v\000e\000s}{section.8.12}% 427
\BOOKMARK [2][-]{subsection.8.12.2}{\376\377\000D\000e\000p\000l\000o\000y\000m\000e\000n\000t\000\040\000P\000a\000t\000t\000e\000r\000n\000s}{section.8.12}% 428
\BOOKMARK [2][-]{subsection.8.12.3}{\376\377\000R\000e\000c\000o\000m\000m\000e\000n\000d\000e\000d\000\040\000A\000r\000c\000h\000i\000t\000e\000c\000t\000u\000r\000e}{section.8.12}% 429
\BOOKMARK [2][-]{subsection.8.12.4}{\376\377\000C\000o\000n\000t\000a\000i\000n\000e\000r\000i\000z\000a\000t\000i\000o\000n}{section.8.12}% 430
\BOOKMARK [2][-]{subsection.8.12.5}{\376\377\000S\000e\000r\000v\000i\000n\000g\000\040\000F\000r\000a\000m\000e\000w\000o\000r\000k}{section.8.12}% 431
\BOOKMARK [1][-]{section.8.13}{\376\377\000C\000I\000/\000C\000D\000\040\000P\000i\000p\000e\000l\000i\000n\000e}{chapter.8}% 432
\BOOKMARK [2][-]{subsection.8.13.1}{\376\377\000O\000b\000j\000e\000c\000t\000i\000v\000e\000s}{section.8.13}% 433
\BOOKMARK [2][-]{subsection.8.13.2}{\376\377\000R\000e\000f\000e\000r\000e\000n\000c\000e\000\040\000W\000o\000r\000k\000f\000l\000o\000w}{section.8.13}% 434
\BOOKMARK [2][-]{subsection.8.13.3}{\376\377\000R\000e\000c\000o\000m\000m\000e\000n\000d\000e\000d\000\040\000T\000e\000c\000h\000n\000o\000l\000o\000g\000i\000e\000s}{section.8.13}% 435
\BOOKMARK [1][-]{section.8.14}{\376\377\000M\000o\000n\000i\000t\000o\000r\000i\000n\000g\000\040\000F\000r\000a\000m\000e\000w\000o\000r\000k}{chapter.8}% 436
\BOOKMARK [2][-]{subsection.8.14.1}{\376\377\000O\000b\000j\000e\000c\000t\000i\000v\000e\000s}{section.8.14}% 437
\BOOKMARK [2][-]{subsection.8.14.2}{\376\377\000O\000p\000e\000r\000a\000t\000i\000o\000n\000a\000l\000\040\000M\000o\000n\000i\000t\000o\000r\000i\000n\000g}{section.8.14}% 438
\BOOKMARK [2][-]{subsection.8.14.3}{\376\377\000M\000o\000d\000e\000l\000\040\000M\000o\000n\000i\000t\000o\000r\000i\000n\000g}{section.8.14}% 439
\BOOKMARK [2][-]{subsection.8.14.4}{\376\377\000D\000a\000t\000a\000\040\000M\000o\000n\000i\000t\000o\000r\000i\000n\000g}{section.8.14}% 440
\BOOKMARK [2][-]{subsection.8.14.5}{\376\377\000R\000e\000c\000o\000m\000m\000e\000n\000d\000e\000d\000\040\000T\000e\000c\000h\000n\000o\000l\000o\000g\000i\000e\000s}{section.8.14}% 441
\BOOKMARK [1][-]{section.8.15}{\376\377\000R\000e\000s\000p\000o\000n\000s\000i\000b\000l\000e\000\040\000A\000I\000\040\000R\000e\000q\000u\000i\000r\000e\000m\000e\000n\000t\000s}{chapter.8}% 442
\BOOKMARK [2][-]{subsection.8.15.1}{\376\377\000O\000b\000j\000e\000c\000t\000i\000v\000e\000s}{section.8.15}% 443
\BOOKMARK [2][-]{subsection.8.15.2}{\376\377\000F\000a\000i\000r\000n\000e\000s\000s\000\040\000A\000s\000s\000e\000s\000s\000m\000e\000n\000t}{section.8.15}% 444
\BOOKMARK [2][-]{subsection.8.15.3}{\376\377\000E\000x\000p\000l\000a\000i\000n\000a\000b\000i\000l\000i\000t\000y}{section.8.15}% 445
\BOOKMARK [2][-]{subsection.8.15.4}{\376\377\000R\000e\000c\000o\000m\000m\000e\000n\000d\000e\000d\000\040\000T\000e\000c\000h\000n\000o\000l\000o\000g\000i\000e\000s}{section.8.15}% 446
\BOOKMARK [1][-]{section.8.16}{\376\377\000G\000o\000v\000e\000r\000n\000a\000n\000c\000e\000\040\000F\000r\000a\000m\000e\000w\000o\000r\000k}{chapter.8}% 447
\BOOKMARK [2][-]{subsection.8.16.1}{\376\377\000O\000b\000j\000e\000c\000t\000i\000v\000e\000s}{section.8.16}% 448
\BOOKMARK [2][-]{subsection.8.16.2}{\376\377\000M\000o\000d\000e\000l\000\040\000D\000o\000c\000u\000m\000e\000n\000t\000a\000t\000i\000o\000n}{section.8.16}% 449
\BOOKMARK [2][-]{subsection.8.16.3}{\376\377\000A\000p\000p\000r\000o\000v\000a\000l\000\040\000P\000r\000o\000c\000e\000s\000s}{section.8.16}% 450
\BOOKMARK [2][-]{subsection.8.16.4}{\376\377\000A\000u\000d\000i\000t\000\040\000R\000e\000q\000u\000i\000r\000e\000m\000e\000n\000t\000s}{section.8.16}% 451
\BOOKMARK [2][-]{subsection.8.16.5}{\376\377\000R\000e\000g\000u\000l\000a\000t\000o\000r\000y\000\040\000C\000o\000n\000s\000i\000d\000e\000r\000a\000t\000i\000o\000n\000s}{section.8.16}% 452
\BOOKMARK [1][-]{section.8.17}{\376\377\000P\000r\000o\000j\000e\000c\000t\000\040\000D\000e\000l\000i\000v\000e\000r\000a\000b\000l\000e\000s}{chapter.8}% 453
\BOOKMARK [2][-]{subsection.8.17.1}{\376\377\000A\000r\000c\000h\000i\000t\000e\000c\000t\000u\000r\000e\000\040\000D\000o\000c\000u\000m\000e\000n\000t\000a\000t\000i\000o\000n}{section.8.17}% 454
\BOOKMARK [2][-]{subsection.8.17.2}{\376\377\000T\000e\000c\000h\000n\000o\000l\000o\000g\000y\000\040\000S\000e\000l\000e\000c\000t\000i\000o\000n\000\040\000R\000e\000p\000o\000r\000t}{section.8.17}% 455
\BOOKMARK [2][-]{subsection.8.17.3}{\376\377\000G\000o\000v\000e\000r\000n\000a\000n\000c\000e\000\040\000P\000a\000c\000k\000a\000g\000e}{section.8.17}% 456
\BOOKMARK [1][-]{section.8.18}{\376\377\000E\000v\000a\000l\000u\000a\000t\000i\000o\000n\000\040\000C\000r\000i\000t\000e\000r\000i\000a}{chapter.8}% 457
\BOOKMARK [1][-]{section.8.19}{\376\377\000F\000i\000n\000a\000l\000\040\000R\000e\000f\000e\000r\000e\000n\000c\000e\000\040\000A\000r\000c\000h\000i\000t\000e\000c\000t\000u\000r\000e}{chapter.8}% 458
\BOOKMARK [1][-]{section.8.20}{\376\377\000S\000u\000m\000m\000a\000r\000y}{chapter.8}% 459
